// Vitest Snapshot v1, https://vitest.dev/guide/snapshot.html

exports[`Footer > should match the snapshot 1`] = `
<footer
  role="contentinfo"
>
  <div
    class="nhsuk-footer"
    data-testid="footer"
  >
    <div
      class="nhsuk-width-container"
    >
      <h2
        class="nhsuk-u-visually-hidden"
      >
        Support links
      </h2>
      <ul
        class="nhsuk-footer__list"
      >
        <li
          class="nhsuk-footer__list-item"
        >
          <a
            class="nhsuk-footer__list-item-link"
            href="#accessibility"
          >
            Accessibility statement
          </a>
        </li>
        <li
          class="nhsuk-footer__list-item"
        >
          <a
            class="nhsuk-footer__list-item-link"
            href="#contact-us"
          >
            Contact us
          </a>
        </li>
      </ul>
      <p
        class="nhsuk-footer__copyright"
      >
        Â© Crown copyright
      </p>
    </div>
  </div>
</footer>
`;
