// Vitest Snapshot v1, https://vitest.dev/guide/snapshot.html

exports[`should render the Tabs component 1`] = `
<div>
  <div
    class="nhsuk-tabs"
    data-module="nhsuk-tabs"
  >
    <h2
      class="nhsuk-tabs__title"
    >
      Contents
    </h2>
    <ul
      class="nhsuk-tabs__list"
    >
      <li
        class="nhsuk-tabs__list-item"
      >
        <a
          class="nhsuk-tabs__tab"
          href="#past-day"
        >
          Past day
        </a>
      </li>
      <li
        class="nhsuk-tabs__list-item"
      >
        <a
          class="nhsuk-tabs__tab"
          href="#past-week"
        >
          Past week
        </a>
      </li>
      <li
        class="nhsuk-tabs__list-item"
      >
        <a
          class="nhsuk-tabs__tab"
          href="#past-month"
        >
          Past month
        </a>
      </li>
      <li
        class="nhsuk-tabs__list-item"
      >
        <a
          class="nhsuk-tabs__tab"
          href="#past-year"
        >
          Past year
        </a>
      </li>
    </ul>
    <div
      class="nhsuk-tabs__panel"
      id="past-day"
    >
      <h2>
        Past day
      </h2>
      <p>
        Content for the past day
      </p>
    </div>
    <div
      class="nhsuk-tabs__panel"
      id="past-week"
    >
      <h2>
        Past week
      </h2>
      <p>
        Content for the past week
      </p>
    </div>
    <div
      class="nhsuk-tabs__panel"
      id="past-month"
    >
      <h2>
        Past month
      </h2>
      <p>
        Content for the past month
      </p>
    </div>
    <div
      class="nhsuk-tabs__panel"
      id="past-year"
    >
      <h2>
        Past year
      </h2>
      <p>
        Content for the past year
      </p>
    </div>
  </div>
</div>
`;
