// Vitest Snapshot v1, https://vitest.dev/guide/snapshot.html

exports[`Row > should match snapshot 1`] = `
<div
  class="nhsuk-grid-row"
  data-testid="row"
>
  What is your name?
</div>
`;
