// Vitest Snapshot v1, https://vitest.dev/guide/snapshot.html

exports[`WarningCallout > should match snapshot 1`] = `
<div
  class="nhsuk-warning-callout"
  data-testid="warning-callout"
>
  <h3
    class="nhsuk-warning-callout__label"
  >
    <span
      class="nhsuk-u-visually-hidden"
    >
      Important
    </span>
    Important information
  </h3>
  <p>
    Lorem ipsum dolor, sit amet consectetur adipisicing elit. Temporibus quidem unde nobis, rem consequuntur cum, illo, tempore error ipsum dolor fugit fuga excepturi id! Molestias veritatis consequuntur iste deserunt dicta!
  </p>
</div>
`;
