// Vitest Snapshot v1, https://vitest.dev/guide/snapshot.html

exports[`Hint > should match the snapshot 1`] = `
<div
  class="nhsuk-hint"
  data-testid="hint"
>
  This is a hint
</div>
`;
