// Vitest Snapshot v1, https://vitest.dev/guide/snapshot.html

exports[`Textarea > should match the snapshot - label, hint, error 1`] = `
<div
  class="nhsuk-form-group nhsuk-form-group--error"
>
  <label
    class="nhsuk-label"
    for="textarea_:r1:"
    id="textarea_:r1:--label"
  >
    Label
  </label>
  <div
    class="nhsuk-hint"
    for="textarea_:r1:"
    id="textarea_:r1:--hint"
  >
    Hint
  </div>
  <span
    class="nhsuk-error-message"
    for="textarea_:r1:"
    id="textarea_:r1:--error-message"
  >
    <span
      class="nhsuk-u-visually-hidden"
    >
      Error
      :
    </span>
    Error
  </span>
  <textarea
    aria-describedby="textarea_:r1:--hint"
    aria-labelledby="textarea_:r1:--label"
    class="nhsuk-textarea nhsuk-textarea--error"
    data-testid="textarea"
    id="textarea_:r1:"
    name="textarea_:r1:"
  >
    This is the value
  </textarea>
</div>
`;

exports[`Textarea > should match the snapshot 1`] = `
<div
  class="nhsuk-form-group"
>
  <textarea
    class="nhsuk-textarea"
    data-testid="textarea"
    id="textarea_:r0:"
    name="textarea_:r0:"
  >
    This is the value
  </textarea>
</div>
`;
