// Vitest Snapshot v1, https://vitest.dev/guide/snapshot.html

exports[`ErrorSummary > should match the snapshot 1`] = `
<div
  class="nhsuk-error-summary"
  data-testid="error-summary"
>
  <h2
    class="nhsuk-error-summary__title"
  >
    Error summary title
  </h2>
  <div
    class="nhsuk-error-summary__body"
  >
    <ul
      class="nhsuk-list nhsuk-error-summary__list"
    >
      <li>
        <a
          href="#example-error-1"
        >
          Link to error with explanation
        </a>
      </li>
    </ul>
  </div>
</div>
`;
