// Vitest Snapshot v1, https://vitest.dev/guide/snapshot.html

exports[`ContentsList > should match the snapshot 1`] = `
<nav
  class="nhsuk-contents-list"
  data-testid="contents-list"
  role="navigation"
>
  <h2
    class="nhsuk-u-visually-hidden"
  >
    Contents
  </h2>
  <ul
    class="nhsuk-contents-list__list"
  >
    <li
      aria-current="page"
      class="nhsuk-contents-list__item"
    >
      <span
        class="nhsuk-contents-list__current"
      >
        Page 1
      </span>
    </li>
    <li
      class="nhsuk-contents-list__item"
    >
      <a
        class="nhsuk-contents-list__link"
        href="/page-2"
      >
        Page 2
      </a>
    </li>
  </ul>
</nav>
`;
